// Jest Snapshot v1, https://goo.gl/fbAQLP

exports[`utils/walk read files to map 1`] = `
Map {
  ".gitignore" => "# See https://help.github.com/articles/ignoring-files/ for more about ignoring files.

# dependencies
/node_modules
/.pnp
.pnp.js
.yarn/install-state.gz

# testing
/coverage

# next.js
/.next/
/out/

# production
/build

# misc
.DS_Store
*.pem

# debug
npm-debug.log*
yarn-debug.log*
yarn-error.log*

# local env files
.env*.local

# vercel
.vercel

# typescript
*.tsbuildinfo
next-env.d.ts
",
  "app/globals.css" => "@tailwind base;
@tailwind components;
@tailwind utilities;
",
  "app/layout.jsx" => "export default function RootLayout({ children }) {
  return (
    <html lang="en">
      <body>{children}</body>
    </html>
  );
}
",
  "app/page.jsx" => "export default function Home() {
  return (
    <p>hello</p>
  );
}
",
  "jsconfig.json" => "{
  "compilerOptions": {
    "paths": {
      "@/*": ["./*"]
    }
  }
}
",
  "next.config.js" => "/** @type {import('next').NextConfig} */
const nextConfig = {};

module.exports = nextConfig;
",
  "package.json" => "{
  "name": "hello",
  "version": "0.1.0",
  "private": true,
  "scripts": {
    "dev": "next dev",
    "build": "next build",
    "start": "next start",
    "lint": "next lint"
  },
  "dependencies": {
    "react": "^18",
    "react-dom": "^18",
    "next": "14.0.4"
  }
}
",
  "postcss.config.js" => "module.exports = {
  plugins: {
    tailwindcss: {},
    autoprefixer: {},
  },
};
",
  "tailwind.config.js" => "/** @type {import('tailwindcss').Config} */
module.exports = {
  content: [
    './pages/**/*.{js,ts,jsx,tsx,mdx}',
    './components/**/*.{js,ts,jsx,tsx,mdx}',
    './app/**/*.{js,ts,jsx,tsx,mdx}',
  ],
  plugins: [],
};
",
}
`;

exports[`utils/walk walk through fixtures 1`] = `
[
  ".gitignore",
  "app/globals.css",
  "app/layout.jsx",
  "app/page.jsx",
  "jsconfig.json",
  "next.config.js",
  "package.json",
  "postcss.config.js",
  "tailwind.config.js",
]
`;
