// Jest Snapshot v1, https://goo.gl/fbAQLP

exports[`modifiers/next/withMDx withMdx 1`] = `
Node {
  "comments": [],
  "end": 53,
  "errors": [],
  "loc": SourceLocation {
    "end": Position {
      "column": 0,
      "index": 53,
      "line": 4,
    },
    "filename": undefined,
    "identifierName": undefined,
    "start": Position {
      "column": 0,
      "index": 0,
      "line": 1,
    },
  },
  "program": Node {
    "body": [
      {
        "declarations": [
          {
            "id": {
              "name": "withMDX",
              "type": "Identifier",
            },
            "init": {
              "arguments": [],
              "callee": {
                "arguments": [
                  {
                    "type": "StringLiteral",
                    "value": "@next/mdx",
                  },
                ],
                "callee": {
                  "name": "require",
                  "type": "Identifier",
                },
                "type": "CallExpression",
              },
              "type": "CallExpression",
            },
            "type": "VariableDeclarator",
          },
        ],
        "kind": "const",
        "type": "VariableDeclaration",
      },
      Node {
        "declarations": [
          Node {
            "end": 21,
            "id": Node {
              "end": 16,
              "loc": SourceLocation {
                "end": Position {
                  "column": 16,
                  "index": 16,
                  "line": 1,
                },
                "filename": undefined,
                "identifierName": "nextConfig",
                "start": Position {
                  "column": 6,
                  "index": 6,
                  "line": 1,
                },
              },
              "name": "nextConfig",
              "start": 6,
              "type": "Identifier",
            },
            "init": {
              "properties": [
                {
                  "computed": false,
                  "decorators": null,
                  "key": {
                    "name": "pageExtensions",
                    "type": "Identifier",
                  },
                  "shorthand": false,
                  "type": "ObjectProperty",
                  "value": {
                    "elements": [
                      {
                        "type": "StringLiteral",
                        "value": "js",
                      },
                      {
                        "type": "StringLiteral",
                        "value": "jsx",
                      },
                      {
                        "type": "StringLiteral",
                        "value": "mdx",
                      },
                    ],
                    "type": "ArrayExpression",
                  },
                },
                {
                  "computed": false,
                  "decorators": null,
                  "key": {
                    "name": "experimental",
                    "type": "Identifier",
                  },
                  "shorthand": false,
                  "type": "ObjectProperty",
                  "value": {
                    "properties": [
                      {
                        "computed": false,
                        "decorators": null,
                        "key": {
                          "name": "mdxRs",
                          "type": "Identifier",
                        },
                        "shorthand": false,
                        "type": "ObjectProperty",
                        "value": {
                          "type": "BooleanLiteral",
                          "value": true,
                        },
                      },
                    ],
                    "type": "ObjectExpression",
                  },
                },
              ],
              "type": "ObjectExpression",
            },
            "loc": SourceLocation {
              "end": Position {
                "column": 21,
                "index": 21,
                "line": 1,
              },
              "filename": undefined,
              "identifierName": undefined,
              "start": Position {
                "column": 6,
                "index": 6,
                "line": 1,
              },
            },
            "start": 6,
            "type": "VariableDeclarator",
          },
        ],
        "end": 22,
        "kind": "const",
        "loc": SourceLocation {
          "end": Position {
            "column": 22,
            "index": 22,
            "line": 1,
          },
          "filename": undefined,
          "identifierName": undefined,
          "start": Position {
            "column": 0,
            "index": 0,
            "line": 1,
          },
        },
        "start": 0,
        "type": "VariableDeclaration",
      },
      Node {
        "end": 52,
        "expression": Node {
          "end": 51,
          "left": Node {
            "computed": false,
            "end": 38,
            "loc": SourceLocation {
              "end": Position {
                "column": 14,
                "index": 38,
                "line": 3,
              },
              "filename": undefined,
              "identifierName": undefined,
              "start": Position {
                "column": 0,
                "index": 24,
                "line": 3,
              },
            },
            "object": Node {
              "end": 30,
              "loc": SourceLocation {
                "end": Position {
                  "column": 6,
                  "index": 30,
                  "line": 3,
                },
                "filename": undefined,
                "identifierName": "module",
                "start": Position {
                  "column": 0,
                  "index": 24,
                  "line": 3,
                },
              },
              "name": "module",
              "start": 24,
              "type": "Identifier",
            },
            "property": Node {
              "end": 38,
              "loc": SourceLocation {
                "end": Position {
                  "column": 14,
                  "index": 38,
                  "line": 3,
                },
                "filename": undefined,
                "identifierName": "exports",
                "start": Position {
                  "column": 7,
                  "index": 31,
                  "line": 3,
                },
              },
              "name": "exports",
              "start": 31,
              "type": "Identifier",
            },
            "start": 24,
            "type": "MemberExpression",
          },
          "loc": SourceLocation {
            "end": Position {
              "column": 27,
              "index": 51,
              "line": 3,
            },
            "filename": undefined,
            "identifierName": undefined,
            "start": Position {
              "column": 0,
              "index": 24,
              "line": 3,
            },
          },
          "operator": "=",
          "right": {
            "arguments": [
              {
                "name": "nextConfig",
                "type": "Identifier",
              },
            ],
            "callee": {
              "name": "withMDX",
              "type": "Identifier",
            },
            "type": "CallExpression",
          },
          "start": 24,
          "type": "AssignmentExpression",
        },
        "loc": SourceLocation {
          "end": Position {
            "column": 28,
            "index": 52,
            "line": 3,
          },
          "filename": undefined,
          "identifierName": undefined,
          "start": Position {
            "column": 0,
            "index": 24,
            "line": 3,
          },
        },
        "start": 24,
        "type": "ExpressionStatement",
      },
    ],
    "directives": [],
    "end": 53,
    "interpreter": null,
    "loc": SourceLocation {
      "end": Position {
        "column": 0,
        "index": 53,
        "line": 4,
      },
      "filename": undefined,
      "identifierName": undefined,
      "start": Position {
        "column": 0,
        "index": 0,
        "line": 1,
      },
    },
    "sourceType": "module",
    "start": 0,
    "type": "Program",
  },
  "start": 0,
  "type": "File",
}
`;
